2026-05-27 00:21:46,245 - INFO - Positions set: {'Initial': (0, 0, 0), 'Sample': None, 'Tube': None, 'Position1': (0, 0, 0)}
2026-05-27 00:22:19,613 - INFO - Positions set: {'Initial': (0, 0, 0), 'Sample': None, 'Tube': None, 'Position1': (0, 0, 0)}
2026-05-27 00:29:18,574 - INFO - Error of importing library or connecting to the device. Running in test mode.
2026-05-27 00:29:36,031 - INFO - Error of importing library or connecting to the device. Running in test mode.
2026-05-27 00:29:37,170 - INFO - Error of importing library or connecting to the device. Running in test mode.
2026-05-27 00:29:52,908 - INFO - Error of importing library or connecting to the device. Running in test mode.
2026-05-27 00:30:47,083 - INFO - Error of importing library or connecting to the device. Running in test mode.
2026-05-27 00:31:07,348 - INFO - Error of importing library or connecting to the device. Running in test mode.
2026-05-27 00:31:48,570 - INFO - Error of importing library or connecting to the device. Running in test mode.
2026-05-27 00:31:51,694 - INFO - Positions set: {'Initial': (0, 0, 0), 'Sample': None, 'Tube': None, 'Position1': (0, 0, 0)}
2026-05-27 00:32:19,408 - INFO - Positions set: {'Initial': (0, 0, 0), 'Sample': None, 'Tube': None, 'Position1': (0, 0, 0), 'Position2': (0, 0, 0)}
2026-05-27 00:32:30,455 - INFO - Positions set: {'Initial': (0, 0, 0), 'Sample': None, 'Tube': None, 'Position1': (0, 0, 0), 'Position2': (0, 0, 0), 'Position3': (0, 0, 0)}
2026-05-27 00:32:34,446 - INFO - Positions set: {'Initial': (0, 0, 0), 'Sample': None, 'Tube': None, 'Position1': (0, 0, 0), 'Position2': (0, 0, 0), 'Position3': (0, 0, 0), 'www': (0, 0, 0)}
2026-05-27 00:48:28,033 - INFO - Application started
2026-05-27 00:48:28,062 - INFO - Error of importing library or connecting to the device. Running in test mode.
2026-05-27 00:53:32,013 - INFO - Application started
2026-05-27 00:53:32,047 - INFO - Error of importing library or connecting to the device. Running in test mode.
2026-05-27 00:53:58,317 - INFO - Positions set: {'Initial': (0, 0, 0), 'Sample': None, 'Tube': None, 'dd': (0, 0, 0)}
2026-05-27 00:55:17,956 - INFO - Application started
2026-05-27 00:55:17,981 - INFO - Error of importing library or connecting to the device. Running in test mode.
2026-05-27 00:55:47,677 - INFO - Positions set: {'Initial': (0, 0, 0), 'Sample': None, 'Tube': None, 'ee': (0, 0, 0)}
2026-05-27 01:01:08,964 - INFO - Application started
2026-05-27 01:01:08,995 - INFO - Error of importing library or connecting to the device. Running in test mode.
2026-05-27 01:06:43,267 - INFO - Application started
2026-05-27 01:06:43,296 - INFO - Error of importing library or connecting to the device. Running in test mode.
2026-05-27 01:07:44,716 - INFO - Application started
2026-05-27 01:07:44,753 - INFO - Error of importing library or connecting to the device. Running in test mode.
2026-05-27 01:08:37,790 - INFO - Application started
2026-05-27 01:08:37,817 - INFO - Error of importing library or connecting to the device. Running in test mode.
2026-05-28 02:55:19,441 - INFO - Application started
2026-05-28 02:55:19,515 - INFO - Error of importing library or connecting to the device. Running in test mode.
2026-05-28 02:55:31,933 - INFO - Application started
2026-05-28 02:55:56,778 - INFO - Application started
2026-05-28 02:56:11,130 - INFO - Application started
2026-05-28 02:58:42,840 - INFO - Application started
2026-05-28 02:58:56,452 - INFO - Error of importing library or connecting to the device. Running in test mode.
2026-05-28 02:59:50,603 - INFO - Application started
2026-05-28 02:59:56,932 - INFO - Error of importing library or connecting to the device. Running in test mode.
2026-05-28 03:02:05,700 - INFO - Application started
2026-05-28 03:02:09,560 - INFO - Error of importing library or connecting to the device. Running in test mode.
2026-05-28 03:02:51,542 - INFO - Application started
2026-05-28 03:02:54,398 - INFO - Error of importing library or connecting to the device. Running in test mode.
2026-05-28 03:07:00,480 - INFO - Application started
2026-05-28 03:07:05,395 - INFO - Error of importing library or connecting to the device. Running in test mode.
2026-05-28 03:07:53,983 - INFO - Application started
2026-05-28 03:07:58,720 - INFO - Error of importing library or connecting to the device. Running in test mode.
2026-05-28 03:09:33,615 - INFO - Application started
2026-05-28 03:09:37,907 - INFO - Error of importing library or connecting to the device. Running in test mode.
2026-05-28 03:10:49,652 - INFO - Application started
2026-05-28 03:10:53,761 - INFO - Error of importing library or connecting to the device. Running in test mode.
2026-05-28 03:14:13,035 - INFO - Application started
2026-05-28 03:14:16,594 - INFO - Error of importing library or connecting to the device. Running in test mode.
2026-05-28 03:14:50,747 - INFO - Application started
2026-05-28 03:15:04,671 - INFO - Error of importing library or connecting to the device. Running in test mode.
2026-05-28 03:21:53,913 - INFO - Application started
2026-05-28 03:21:58,105 - INFO - Error of importing library or connecting to the device. Running in test mode.
2026-05-28 03:23:48,061 - INFO - Application started
2026-05-28 03:23:51,822 - INFO - Error of importing library or connecting to the device. Running in test mode.
2026-05-28 03:24:23,947 - INFO - Application started
2026-05-28 03:24:29,392 - INFO - Error of importing library or connecting to the device. Running in test mode.
2026-05-28 03:26:28,443 - INFO - Application started
2026-05-28 03:26:28,477 - INFO - Error of importing library or connecting to the device. Running in test mode.
2026-05-28 03:27:13,603 - INFO - Application started
2026-05-28 03:27:13,637 - INFO - Error of importing library or connecting to the device. Running in test mode.
2026-05-28 03:27:34,446 - INFO - Application started
2026-05-28 03:27:34,478 - INFO - Error of importing library or connecting to the device. Running in test mode.
2026-05-28 03:28:34,796 - INFO - Application started
2026-05-28 03:28:34,829 - INFO - Error of importing library or connecting to the device. Running in test mode.
2026-05-28 03:30:39,888 - INFO - Application started
2026-05-28 03:30:39,910 - INFO - Error of importing library or connecting to the device. Running in test mode.
2026-05-28 03:32:25,684 - INFO - Application started
2026-05-28 03:32:25,727 - INFO - Error of importing library or connecting to the device. Running in test mode.
2026-05-28 03:34:07,205 - INFO - Application started
2026-05-28 03:34:07,244 - INFO - Error of importing library or connecting to the device. Running in test mode.
2026-05-28 03:35:19,425 - INFO - Application started
2026-05-28 03:35:19,458 - INFO - Error of importing library or connecting to the device. Running in test mode.
2026-05-28 03:35:33,989 - WARNING - Invalid input for steps2volume. Please enter a name.
2026-05-28 03:35:35,923 - WARNING - Invalid input for steps2volume. Please enter a name.
2026-05-28 03:35:36,345 - WARNING - Invalid input for steps2volume. Please enter a name.
2026-05-28 03:35:36,586 - WARNING - Invalid input for steps2volume. Please enter a name.
2026-05-28 03:35:37,620 - WARNING - Invalid input for steps2volume. Please enter a name.
2026-05-28 03:35:38,026 - WARNING - Invalid input for steps2volume. Please enter a name.
2026-05-28 03:35:38,511 - WARNING - Invalid input for steps2volume. Please enter a name.
2026-05-28 03:35:42,113 - WARNING - Invalid input for steps2volume. Please enter a name.
2026-05-28 03:35:42,344 - WARNING - Invalid input for steps2volume. Please enter a name.
2026-05-28 03:36:41,751 - INFO - Application started
2026-05-28 03:36:45,248 - INFO - Error of importing library or connecting to the device. Running in test mode.
2026-05-28 03:40:25,667 - INFO - Application started
2026-05-28 03:40:37,480 - INFO - Error of importing library or connecting to the device. Running in test mode.
2026-05-28 03:41:35,414 - INFO - Application started
2026-05-28 03:41:39,709 - INFO - Error of importing library or connecting to the device. Running in test mode.
2026-05-28 03:42:47,432 - INFO - Application started
2026-05-28 03:42:51,415 - INFO - Error of importing library or connecting to the device. Running in test mode.
2026-05-28 03:43:39,545 - INFO - Positions set: {'Initial': (0, 0, 0), 'Sample': (0, 0, 0), 'Tube': None, 'ww': (0, 0, 0)}
2026-05-28 03:44:08,315 - WARNING - Invalid input for steps2volume. Please enter a name.
2026-05-28 03:45:21,343 - INFO - Application started
2026-05-28 03:45:30,107 - INFO - Error of importing library or connecting to the device. Running in test mode.
2026-05-28 03:46:19,185 - INFO - Application started
2026-05-28 03:46:23,127 - INFO - Error of importing library or connecting to the device. Running in test mode.
2026-05-28 03:46:37,944 - WARNING - Invalid input for steps2volume. Please enter a name.
2026-05-28 03:47:11,097 - INFO - Positions set: {'Initial': (0, 0, 0), 'Sample': None, 'Tube': None, '3443fsf': (0, 0, 0)}
2026-05-28 03:50:24,504 - INFO - Application started
2026-05-28 03:50:30,702 - INFO - Error of importing library or connecting to the device. Running in test mode.
2026-05-28 13:11:00,415 - INFO - Application started
2026-05-28 13:11:00,498 - INFO - Error of importing library or connecting to the device. Running in test mode.
2026-05-28 13:11:17,159 - INFO - Application started
2026-05-28 13:11:17,218 - INFO - Error of importing library or connecting to the device. Running in test mode.
2026-05-28 13:11:51,774 - INFO - Application started
2026-05-28 13:12:24,876 - INFO - Application started
2026-05-28 13:14:06,539 - INFO - Positions set: {'Initial': (0, 0, 0), 'Sample': (-8000, 50, -500), 'Tube': (-10000, 50, -1000), 'tube2': (-10000, 50, -100)}
2026-05-28 13:17:01,614 - INFO - Application started
2026-05-28 13:18:24,645 - INFO - Positions set: {'Initial': (0, 0, 0), 'Sample': (-8000, 0, -400), 'Tube': (-10000, 0, -600), 'tube2': (-14000, 0, -900)}
2026-05-28 13:26:57,391 - INFO - Application started
2026-05-28 13:27:42,345 - INFO - Positions set: {'Initial': (0, 0, 0), 'Sample': (0, 0, -600), 'Tube': (-4000, 0, -900), 'Tube2': (-6000, 0, -1100)}
2026-05-28 13:33:34,802 - INFO - Application started
2026-05-28 13:34:44,784 - INFO - Positions set: {'Initial': (0, 0, 0), 'Sample': (-6000, 0, -600), 'Tube': (-8000, 0, -900), 'Tube2': (-10000, 0, -1100)}
2026-05-28 13:35:41,071 - INFO - Application started
2026-05-28 13:37:35,909 - INFO - Positions set: {'Initial': (0, 0, 0), 'Sample': (-2000, 0, -500), 'Tube': (-4000, 0, -700), 'Tube2': (-6000, 0, -900)}
2026-05-28 13:39:24,362 - INFO - Application started
2026-05-28 13:39:39,402 - INFO - Application started
2026-05-28 13:40:37,373 - INFO - Positions set: {'Initial': (0, 0, 0), 'Sample': (0, 0, -500), 'Tube': (-2000, 0, -800), 'Tube2': (-4000, 0, -1000)}
2026-05-28 17:33:55,934 - INFO - Application started
2026-05-28 17:34:28,182 - INFO - Application started
2026-05-28 17:35:41,984 - INFO - Application started
2026-05-28 17:38:30,762 - INFO - Application started
2026-05-28 17:39:36,214 - INFO - Application started
2026-05-28 17:43:49,000 - INFO - Application started
2026-05-28 17:44:27,855 - INFO - Application started
2026-05-28 17:44:53,029 - INFO - Application started
2026-05-28 17:46:53,075 - INFO - Application started
2026-05-28 17:47:21,469 - INFO - Application started
2026-05-28 17:47:37,274 - INFO - Application started
2026-05-28 17:50:13,328 - INFO - Application started
2026-05-28 17:52:30,100 - INFO - Application started
2026-05-28 23:51:22,356 - INFO - Application started
2026-05-28 23:51:22,395 - INFO - Error of importing library or connecting to the device. Running in test mode.
2026-05-28 23:51:29,292 - INFO - Application started
2026-05-28 23:51:29,325 - INFO - Error of importing library or connecting to the device. Running in test mode.
2026-05-28 23:52:02,736 - INFO - Application started
2026-05-28 23:52:02,774 - INFO - Error of importing library or connecting to the device. Running in test mode.
2026-05-28 23:52:33,783 - INFO - Application started
2026-05-28 23:52:38,482 - INFO - Error of importing library or connecting to the device. Running in test mode.
2026-05-28 23:54:20,008 - INFO - Application started
2026-05-28 23:54:22,729 - INFO - Error of importing library or connecting to the device. Running in test mode.
2026-05-29 00:00:37,047 - INFO - Application started
2026-05-29 00:00:37,085 - INFO - Error of importing library or connecting to the device. Running in test mode.
2026-05-29 00:03:41,010 - INFO - Application started
2026-05-29 00:03:44,696 - INFO - Error of importing library or connecting to the device. Running in test mode.
2026-05-29 00:04:15,279 - INFO - Positions set: {'Initial': (0, 0, 0), 'Sample': (0, 0, 0), 'Tube': (0, 0, 400), 'ttt': (0, 0, 500)}
2026-05-29 00:09:29,049 - INFO - Application started
2026-05-29 00:09:29,088 - INFO - Error of importing library or connecting to the device. Running in test mode.
2026-05-29 00:09:48,726 - INFO - Application started
2026-05-29 00:09:54,222 - INFO - Error of importing library or connecting to the device. Running in test mode.
2026-05-29 00:10:26,797 - INFO - Application started
2026-05-29 00:10:30,638 - INFO - Error of importing library or connecting to the device. Running in test mode.
2026-05-29 00:12:27,454 - INFO - Application started
2026-05-29 00:12:27,494 - INFO - Error of importing library or connecting to the device. Running in test mode.
2026-05-29 00:13:51,203 - INFO - Application started
2026-05-29 00:13:54,283 - INFO - Error of importing library or connecting to the device. Running in test mode.
2026-05-29 00:15:55,798 - INFO - Application started
2026-05-29 00:15:55,838 - INFO - Error of importing library or connecting to the device. Running in test mode.
2026-05-29 00:16:10,229 - INFO - Application started
2026-05-29 00:16:13,565 - INFO - Error of importing library or connecting to the device. Running in test mode.
2026-05-29 00:18:27,251 - INFO - Application started
2026-05-29 00:18:30,381 - INFO - Error of importing library or connecting to the device. Running in test mode.
2026-05-29 00:18:51,608 - INFO - Application started
2026-05-29 00:18:55,064 - INFO - Error of importing library or connecting to the device. Running in test mode.
2026-05-29 00:19:40,724 - INFO - Application started
2026-05-29 00:19:43,443 - INFO - Error of importing library or connecting to the device. Running in test mode.
2026-05-29 00:20:37,850 - INFO - Application started
2026-05-29 00:20:37,883 - INFO - Error of importing library or connecting to the device. Running in test mode.
2026-05-29 00:22:06,074 - INFO - Application started
2026-05-29 00:22:06,112 - INFO - Error of importing library or connecting to the device. Running in test mode.
2026-05-29 00:23:49,595 - INFO - Application started
2026-05-29 00:23:49,634 - INFO - Error of importing library or connecting to the device. Running in test mode.
